C51 COMPILER V9.01   UART                                                                  03/20/2024 01:22:19 PAGE 1   


C51 COMPILER V9.01, COMPILATION OF MODULE UART
OBJECT MODULE PLACED IN .\obj\uart.obj
COMPILER INVOKED BY: D:\MyProgrammeSetUp\KEILC51\C51\BIN\C51.EXE src\drive\uart.c LARGE BROWSE INCDIR(..\final_projects;
                    -.\src;.\src\app;.\src\drive;.\src\include) DEBUG OBJECTEXTEND PRINT(.\lst\uart.lst) OBJECT(.\obj\uart.obj)

line level    source

   1          #include "uart.h"
   2          
   3          
   4          
   5          void uart_init(void){   //4800的波特率,------千万注意是在12mhz的晶振频率下------
   6   1              
   7   1              PCON = 0x80;//            
   8   1              SCON = 0x50;//0 1 0 1  0 0 0 0
   9   1      
  10   1              //
  11   1              TMOD = 0x20;//0010 0000  
  12   1              TL1 = 243;
  13   1              TH1 = 243;
  14   1              
  15   1              TR1 = 1;//
  16   1              ES = 1;
  17   1              EA = 1;
  18   1      
  19   1       }
  20          void uart_send_byte(unsigned char content){
  21   1              SBUF = content;
  22   1              while(TI==0);//在发送的时候这个位一直都是0，变为1就代表不在发了
  23   1              TI = 0;//软件复位       
  24   1      }
  25          
  26          void uart_send_string(unsigned char *str){         
  27   1              while(*str!='\0'){
  28   2                      uart_send_byte(*str);
  29   2                      str++;  
  30   2              }       
  31   1      }
  32          
  33          
  34          /*--------------自己实现将double转为string然后发送出去-------------------------*/
  35          //不知道为什么动态分配内存的就报错，非得静态分配内存
  36          static unsigned char str[25];
  37          void uart_send_double2string(double value){
  38   1              sprintf(str, "%.2f", value);
  39   1          uart_send_string(str);                      
  40   1      } 


MODULE INFORMATION:   STATIC OVERLAYABLE
   CODE SIZE        =     85    ----
   CONSTANT SIZE    =      5    ----
   XDATA SIZE       =     25    ----
   PDATA SIZE       =   ----    ----
   DATA SIZE        =   ----    ----
   IDATA SIZE       =   ----    ----
   BIT SIZE         =   ----    ----
END OF MODULE INFORMATION.


C51 COMPILATION COMPLETE.  0 WARNING(S),  0 ERROR(S)
